// Vitest Snapshot v1, https://vitest.dev/guide/snapshot.html

exports[`components / Slide / SlideYUpTransition > When mounting component with default props, it should work fine 1`] = `"<transition-stub type="animation" enteractiveclass="slide-y-in" leaveactiveclass="slide-y-out" appear="false" persisted="false" css="true" tag="span" move-class="slide-move"></transition-stub>"`;

exports[`components / Slide / SlideYUpTransition > When mounting component with group enabled prop, it should work fine 1`] = `"<transition-group-stub tag="span" type="animation" enteractiveclass="slide-y-in" moveclass="slide-move" leaveactiveclass="slide-y-out" appear="false" persisted="false" css="true"></transition-group-stub>"`;
