// Vitest Snapshot v1, https://vitest.dev/guide/snapshot.html

exports[`components / Slide / SlideXRightTransition > When mounting component with default props, it should work fine 1`] = `"<transition-stub enteractiveclass=\\"slide-x-right-in\\" leaveactiveclass=\\"slide-x-right-out\\" appear=\\"false\\" persisted=\\"false\\" css=\\"true\\" tag=\\"span\\" move-class=\\"slide-move\\"></transition-stub>"`;

exports[`components / Slide / SlideXRightTransition > When mounting component with group enabled prop, it should work fine 1`] = `"<transition-group-stub tag=\\"span\\" enteractiveclass=\\"slide-x-right-in\\" moveclass=\\"slide-move\\" leaveactiveclass=\\"slide-x-right-out\\" appear=\\"false\\" persisted=\\"false\\" css=\\"true\\"></transition-group-stub>"`;
