// Vitest Snapshot v1

exports[`components / Collapse / CollapseTransition > When mounting component with default props, it should work fine 1`] = `"<transition-stub appear=\\"false\\" persisted=\\"false\\" css=\\"true\\" tag=\\"span\\" move-class=\\"collapse-move\\"></transition-stub>"`;

exports[`components / Collapse / CollapseTransition > When mounting component with group enabled prop, it should work fine 1`] = `"<transition-group-stub tag=\\"span\\" moveclass=\\"collapse-move\\" appear=\\"false\\" persisted=\\"false\\" css=\\"true\\"></transition-group-stub>"`;
